  version := "3.2.0",
  version := "3.2.0-RC5",
  version := "3.2-SNAPSHOT",
